// Vitest Snapshot v1

exports[`Text colour (label -> variant) 1`] = `
"/* layer: default */
.ctp-mauve-latte{color:#8839ef;}
.ctp-pink-mocha{color:#f5c2e7;}
.ctp-text-teal-frappe{color:#81c8be;}"
`;

exports[`Text colour (variant -> label) 1`] = `
"/* layer: default */
.ctp-latte-mauve{color:#8839ef;}
.ctp-mocha-pink{color:#f5c2e7;}
.ctp-text-frappe-teal{color:#81c8be;}"
`;
